// Jest Snapshot v1, https://goo.gl/fbAQLP

exports[`Timer match snapshot 1`] = `
<div
  className="timer"
>
  <h3>
     Time: 
    0
  </h3>
</div>
`;
