// Jest Snapshot v1, https://goo.gl/fbAQLP

exports[`CardsContainer match snapshot 1`] = `
<div
  className="cards-container"
/>
`;
