// Jest Snapshot v1, https://goo.gl/fbAQLP

exports[`ResultsList match snapshot 1`] = `
<ol
  className="results__list"
/>
`;
